   1                             	r8	=	0xffef0
   2                             	r16	=	0xffee8
   3                             	r24	=	0xffee0
   4                             	r9	=	0xffef1
   5                             	r17	=	0xffee9
   6                             	r25	=	0xffee1
   7                             	r10	=	0xffef2
   8                             	r18	=	0xffeea
   9                             	r26	=	0xffee2
  10                             	r11	=	0xffef3
  11                             	r19	=	0xffeeb
  12                             	r27	=	0xffee3
  13                             	r12	=	0xffef4
  14                             	r20	=	0xffeec
  15                             	r28	=	0xffee4
  16                             	r13	=	0xffef5
  17                             	r21	=	0xffeed
  18                             	r29	=	0xffee5
  19                             	r14	=	0xffef6
  20                             	r22	=	0xffeee
  21                             	r30	=	0xffee6
  22                             	r15	=	0xffef7
  23                             	r23	=	0xffeef
  24                             	r31	=	0xffee7
  25                             	.text
  26                             	.Ltext0:
  27                             		.global	_task1
  29                             	_task1:
  30                             	.LFB0:
  31                             		.file 1 "../src/main.c"
   1:../src/main.c **** /***************************************************************/
   2:../src/main.c **** /*                                                             */
   3:../src/main.c **** /*      PROJECT NAME :  ULWOS testing                          */
   4:../src/main.c **** /*      FILE         :  main.c                                 */
   5:../src/main.c **** /*      DESCRIPTION  :  Main Program                           */
   6:../src/main.c **** /*      CPU SERIES   :  RL78 - G13                             */
   7:../src/main.c **** /*      CPU TYPE     :  R5F100LE                               */
   8:../src/main.c **** /*                                                             */
   9:../src/main.c **** /*      This file is generated by e2 studio.                   */
  10:../src/main.c **** /*                                                             */
  11:../src/main.c **** /***************************************************************/                                  
  12:../src/main.c ****                                                                                             
  13:../src/main.c ****                                                                                             
  14:../src/main.c **** /************************************************************************/
  15:../src/main.c **** /*    File Version: V1.00                                               */
  16:../src/main.c **** /*    Date Generated: 02/26/2016                                        */
  17:../src/main.c **** /************************************************************************/
  18:../src/main.c **** 
  19:../src/main.c **** #include "iodefine.h"
  20:../src/main.c **** #include "iodefine_ext.h"
  21:../src/main.c **** #include "myrl78.h"
  22:../src/main.c **** #include "interrupt_handlers.h"
  23:../src/main.c **** #include "ulwos.h"
  24:../src/main.c **** 
  25:../src/main.c **** #define LED P7_bit.no7
  26:../src/main.c **** #define LED2 P7_bit.no6
  27:../src/main.c **** 
  28:../src/main.c **** void task1(void){
  32                             		.loc 1 28 0
  33                             		; start of function
  34                             		; locals: 2 bytes
  35 0000 20 02                   		subw	sp, #2
  36                             	.LCFI0:
  37                             	.L6:
  29:../src/main.c **** 	volatile int count;
  30:../src/main.c **** 	while (1){
  31:../src/main.c **** 		LED = 0;
  38                             		.loc 1 31 0
  39 0002 71 78 07 FF             		clr1	!-249.7
  32:../src/main.c **** 		for (count=0; count<1000;count++);
  40                             		.loc 1 32 0
  41 0006 F6                      		clrw	ax
  42 0007 B8 00                   		movw	[sp], ax
  43 0009 44 E7 03                		cmpw	ax, #999
  44 000c 71 FF                   		 xor1	CY, a.7
  45 000e 61 F3                   		 sknh
  46 0010 EC 24 00 00             		 br	!!.L5
  47                             	.L8:
  48                             		.loc 1 32 0 is_stmt 0 discriminator 3
  49 0014 A8 00                   		movw	ax, [sp]
  50 0016 A1                      		incw	ax
  51 0017 B8 00                   		movw	[sp], ax
  52 0019 44 E7 03                		cmpw	ax, #999
  53 001c 71 FF                   		 xor1	CY, a.7
  54 001e 61 E3                   		 skh
  55 0020 EC 14 00 00             		 br	!!.L8
  56                             	.L5:
  33:../src/main.c **** 		LED = 1;
  57                             		.loc 1 33 0 is_stmt 1
  58 0024 71 70 07 FF             		set1	!-249.7
  34:../src/main.c **** 		for (count=0; count<1000;count++);
  59                             		.loc 1 34 0
  60 0028 F6                      		clrw	ax
  61 0029 B8 00                   		movw	[sp], ax
  62 002b 44 E7 03                		cmpw	ax, #999
  63 002e 71 FF                   		 xor1	CY, a.7
  64 0030 61 F3                   		 sknh
  65 0032 EC 02 00 00             		 br	!!.L6
  66                             	.L7:
  67                             		.loc 1 34 0 is_stmt 0 discriminator 3
  68 0036 A8 00                   		movw	ax, [sp]
  69 0038 A1                      		incw	ax
  70 0039 B8 00                   		movw	[sp], ax
  71 003b 44 E7 03                		cmpw	ax, #999
  72 003e 71 FF                   		 xor1	CY, a.7
  73 0040 61 E3                   		 skh
  74 0042 EC 36 00 00             		 br	!!.L7
  75 0046 EC 02 00 00             		br	!!.L6
  76                             	.LFE0:
  78                             		.global	_task2
  80                             	_task2:
  81                             	.LFB1:
  35:../src/main.c **** 	}
  36:../src/main.c **** }
  37:../src/main.c **** 
  38:../src/main.c **** void task2(void){
  82                             		.loc 1 38 0 is_stmt 1
  83                             		; start of function
  84                             		; locals: 2 bytes
  85 004a 20 02                   		subw	sp, #2
  86                             	.LCFI1:
  87                             	.L17:
  39:../src/main.c **** 	volatile int count;
  40:../src/main.c **** 	while (1){
  41:../src/main.c **** 		LED2 = 0;
  88                             		.loc 1 41 0
  89 004c 71 68 07 FF             		clr1	!-249.6
  42:../src/main.c **** 		for (count=0; count<2000;count++);
  90                             		.loc 1 42 0
  91 0050 F6                      		clrw	ax
  92 0051 B8 00                   		movw	[sp], ax
  93 0053 44 CF 07                		cmpw	ax, #1999
  94 0056 71 FF                   		 xor1	CY, a.7
  95 0058 61 F3                   		 sknh
  96 005a EC 6E 00 00             		 br	!!.L16
  97                             	.L19:
  98                             		.loc 1 42 0 is_stmt 0 discriminator 3
  99 005e A8 00                   		movw	ax, [sp]
 100 0060 A1                      		incw	ax
 101 0061 B8 00                   		movw	[sp], ax
 102 0063 44 CF 07                		cmpw	ax, #1999
 103 0066 71 FF                   		 xor1	CY, a.7
 104 0068 61 E3                   		 skh
 105 006a EC 5E 00 00             		 br	!!.L19
 106                             	.L16:
  43:../src/main.c **** 		LED2 = 1;
 107                             		.loc 1 43 0 is_stmt 1
 108 006e 71 60 07 FF             		set1	!-249.6
  44:../src/main.c **** 		for (count=0; count<2000;count++);
 109                             		.loc 1 44 0
 110 0072 F6                      		clrw	ax
 111 0073 B8 00                   		movw	[sp], ax
 112 0075 44 CF 07                		cmpw	ax, #1999
 113 0078 71 FF                   		 xor1	CY, a.7
 114 007a 61 F3                   		 sknh
 115 007c EC 4C 00 00             		 br	!!.L17
 116                             	.L18:
 117                             		.loc 1 44 0 is_stmt 0 discriminator 3
 118 0080 A8 00                   		movw	ax, [sp]
 119 0082 A1                      		incw	ax
 120 0083 B8 00                   		movw	[sp], ax
 121 0085 44 CF 07                		cmpw	ax, #1999
 122 0088 71 FF                   		 xor1	CY, a.7
 123 008a 61 E3                   		 skh
 124 008c EC 80 00 00             		 br	!!.L18
 125 0090 EC 4C 00 00             		br	!!.L17
 126                             	.LFE1:
 128                             		.section	.text.startup,"ax",@progbits
 129                             		.global	_main
 131                             	_main:
 132                             	.LFB2:
  45:../src/main.c **** 	}
  46:../src/main.c **** }
  47:../src/main.c **** 
  48:../src/main.c **** int main(void){
 133                             		.loc 1 48 0 is_stmt 1
 134                             		; start of function
 135                             		; outgoing: 2 bytes
 136 0000 20 02                   		subw	sp, #2
 137                             	.LCFI2:
  49:../src/main.c ****     PM7_bit.no7 = 0;
 138                             		.loc 1 49 0
 139 0002 71 78 27 FF             		clr1	!-217.7
  50:../src/main.c ****     PM7_bit.no6 = 0;
 140                             		.loc 1 50 0
 141 0006 71 68 27 FF             		clr1	!-217.6
  51:../src/main.c ****     LED = 0;
 142                             		.loc 1 51 0
 143 000a 71 78 07 FF             		clr1	!-249.7
  52:../src/main.c **** 	ULWOS_TASKHANDLER tk1 = ulwos_create_task(&task1);
 144                             		.loc 1 52 0
 145 000e 30 00 00                		movw	ax, #%code(_task1)
 146 0011 B8 00                   		movw	[sp], ax
 147 0013 FC 00 00 00             		call	!!%code(_ulwos_create_task)
 148                             	.LVL0:
  53:../src/main.c **** 	ULWOS_TASKHANDLER tk2 = ulwos_create_task(&task2);
 149                             		.loc 1 53 0
 150 0017 30 4A 00                		movw	ax, #%code(_task2)
 151 001a B8 00                   		movw	[sp], ax
 152 001c FC 00 00 00             		call	!!%code(_ulwos_create_task)
 153                             	.LVL1:
  54:../src/main.c **** 	ulwos_start();
 154                             		.loc 1 54 0
 155 0020 FC 00 00 00             		call	!!%code(_ulwos_start)
 156                             	.LVL2:
 157                             	.L23:
  55:../src/main.c **** 	// the following code is never executed!!! It is here "just in case" ;)
  56:../src/main.c **** 	while (1){
  57:../src/main.c **** 	}
 158                             		.loc 1 57 0 discriminator 1
 159 0024 EC 24 00 00             		br	!!.L23
 160                             	.LFE2:
 216                             	.Letext0:
 217                             		.file 2 "../src/iodefine.h"
 218                             		.file 3 "../src/ulwos.h"
