   1                             	r8	=	0xffef0
   2                             	r16	=	0xffee8
   3                             	r24	=	0xffee0
   4                             	r9	=	0xffef1
   5                             	r17	=	0xffee9
   6                             	r25	=	0xffee1
   7                             	r10	=	0xffef2
   8                             	r18	=	0xffeea
   9                             	r26	=	0xffee2
  10                             	r11	=	0xffef3
  11                             	r19	=	0xffeeb
  12                             	r27	=	0xffee3
  13                             	r12	=	0xffef4
  14                             	r20	=	0xffeec
  15                             	r28	=	0xffee4
  16                             	r13	=	0xffef5
  17                             	r21	=	0xffeed
  18                             	r29	=	0xffee5
  19                             	r14	=	0xffef6
  20                             	r22	=	0xffeee
  21                             	r30	=	0xffee6
  22                             	r15	=	0xffef7
  23                             	r23	=	0xffeef
  24                             	r31	=	0xffee7
  25                             	.text
  26                             	.Ltext0:
  27                             		.global	_INT_WDTI
  29                             	_INT_WDTI:
  30                             	.LFB0:
  31                             		.file 1 "../src/interrupt_handlers.c"
   1:../src/interrupt_handlers.c **** /***************************************************************/
   2:../src/interrupt_handlers.c **** /*                                                             */
   3:../src/interrupt_handlers.c **** /*      PROJECT NAME :  TesteADC                               */
   4:../src/interrupt_handlers.c **** /*      FILE         :  interrupt_handlers.c                   */
   5:../src/interrupt_handlers.c **** /*      DESCRIPTION  :  Interrupt Handler                      */
   6:../src/interrupt_handlers.c **** /*      CPU SERIES   :  RL78 - G13                             */
   7:../src/interrupt_handlers.c **** /*      CPU TYPE     :  R5F100LE                               */
   8:../src/interrupt_handlers.c **** /*                                                             */
   9:../src/interrupt_handlers.c **** /*      This file is generated by e2 studio.                   */
  10:../src/interrupt_handlers.c **** /*                                                             */
  11:../src/interrupt_handlers.c **** /***************************************************************/                            
  12:../src/interrupt_handlers.c ****                                                                                    
  13:../src/interrupt_handlers.c **** /************************************************************************/
  14:../src/interrupt_handlers.c **** /* Header file generated from device file:                              */
  15:../src/interrupt_handlers.c **** /*    DR5F100LE.DVF                                                     */
  16:../src/interrupt_handlers.c **** /*    V1.14 (2012/01/10)                                                */
  17:../src/interrupt_handlers.c **** /*    Copyright(C) 2012 Renesas                                         */
  18:../src/interrupt_handlers.c **** /* Tool Version: 3.5.2                                                  */
  19:../src/interrupt_handlers.c **** /* Date Generated: 2015/07/13                                           */
  20:../src/interrupt_handlers.c **** /************************************************************************/
  21:../src/interrupt_handlers.c **** #include "interrupt_handlers.h"
  22:../src/interrupt_handlers.c **** 
  23:../src/interrupt_handlers.c **** /*
  24:../src/interrupt_handlers.c ****  * INT_WDTI (0x4)
  25:../src/interrupt_handlers.c ****  */
  26:../src/interrupt_handlers.c **** void INT_WDTI (void) { }
  32                             		.loc 1 26 0
  33                             		; start of function
  34                             		; push 8: ax bc de hl
  35 0000 61 CF                   		sel	rb0
  36 0002 C1                      		push	ax
  37                             	.LCFI0:
  38 0003 C3                      		push	bc
  39                             	.LCFI1:
  40 0004 C5                      		push	de
  41                             	.LCFI2:
  42 0005 C7                      		push	hl
  43                             	.LCFI3:
  44                             		.loc 1 26 0
  45 0006 C6                      		pop	hl
  46 0007 C4                      		pop	de
  47 0008 C2                      		pop	bc
  48 0009 C0                      		pop	ax
  49 000a 61 FC                   		reti
  50                             	.LFE0:
  52                             		.global	_INT_LVI
  54                             	_INT_LVI:
  55                             	.LFB1:
  27:../src/interrupt_handlers.c **** 
  28:../src/interrupt_handlers.c **** /*
  29:../src/interrupt_handlers.c ****  * INT_LVI (0x6)
  30:../src/interrupt_handlers.c ****  */
  31:../src/interrupt_handlers.c **** void INT_LVI (void) { }
  56                             		.loc 1 31 0
  57                             		; start of function
  58                             		; push 8: ax bc de hl
  59 000c 61 CF                   		sel	rb0
  60 000e C1                      		push	ax
  61                             	.LCFI4:
  62 000f C3                      		push	bc
  63                             	.LCFI5:
  64 0010 C5                      		push	de
  65                             	.LCFI6:
  66 0011 C7                      		push	hl
  67                             	.LCFI7:
  68                             		.loc 1 31 0
  69 0012 C6                      		pop	hl
  70 0013 C4                      		pop	de
  71 0014 C2                      		pop	bc
  72 0015 C0                      		pop	ax
  73 0016 61 FC                   		reti
  74                             	.LFE1:
  76                             		.global	_INT_P0
  78                             	_INT_P0:
  79                             	.LFB2:
  32:../src/interrupt_handlers.c **** 
  33:../src/interrupt_handlers.c **** /*
  34:../src/interrupt_handlers.c ****  * INT_P0 (0x8)
  35:../src/interrupt_handlers.c ****  */
  36:../src/interrupt_handlers.c **** void INT_P0 (void) { }
  80                             		.loc 1 36 0
  81                             		; start of function
  82                             		; push 8: ax bc de hl
  83 0018 61 CF                   		sel	rb0
  84 001a C1                      		push	ax
  85                             	.LCFI8:
  86 001b C3                      		push	bc
  87                             	.LCFI9:
  88 001c C5                      		push	de
  89                             	.LCFI10:
  90 001d C7                      		push	hl
  91                             	.LCFI11:
  92                             		.loc 1 36 0
  93 001e C6                      		pop	hl
  94 001f C4                      		pop	de
  95 0020 C2                      		pop	bc
  96 0021 C0                      		pop	ax
  97 0022 61 FC                   		reti
  98                             	.LFE2:
 100                             		.global	_INT_P1
 102                             	_INT_P1:
 103                             	.LFB3:
  37:../src/interrupt_handlers.c **** 
  38:../src/interrupt_handlers.c **** /*
  39:../src/interrupt_handlers.c ****  * INT_P1 (0xA)
  40:../src/interrupt_handlers.c ****  */
  41:../src/interrupt_handlers.c **** void INT_P1 (void) { }
 104                             		.loc 1 41 0
 105                             		; start of function
 106                             		; push 8: ax bc de hl
 107 0024 61 CF                   		sel	rb0
 108 0026 C1                      		push	ax
 109                             	.LCFI12:
 110 0027 C3                      		push	bc
 111                             	.LCFI13:
 112 0028 C5                      		push	de
 113                             	.LCFI14:
 114 0029 C7                      		push	hl
 115                             	.LCFI15:
 116                             		.loc 1 41 0
 117 002a C6                      		pop	hl
 118 002b C4                      		pop	de
 119 002c C2                      		pop	bc
 120 002d C0                      		pop	ax
 121 002e 61 FC                   		reti
 122                             	.LFE3:
 124                             		.global	_INT_P2
 126                             	_INT_P2:
 127                             	.LFB4:
  42:../src/interrupt_handlers.c **** 
  43:../src/interrupt_handlers.c **** /*
  44:../src/interrupt_handlers.c ****  * INT_P2 (0xC)
  45:../src/interrupt_handlers.c ****  */
  46:../src/interrupt_handlers.c **** void INT_P2 (void) { }
 128                             		.loc 1 46 0
 129                             		; start of function
 130                             		; push 8: ax bc de hl
 131 0030 61 CF                   		sel	rb0
 132 0032 C1                      		push	ax
 133                             	.LCFI16:
 134 0033 C3                      		push	bc
 135                             	.LCFI17:
 136 0034 C5                      		push	de
 137                             	.LCFI18:
 138 0035 C7                      		push	hl
 139                             	.LCFI19:
 140                             		.loc 1 46 0
 141 0036 C6                      		pop	hl
 142 0037 C4                      		pop	de
 143 0038 C2                      		pop	bc
 144 0039 C0                      		pop	ax
 145 003a 61 FC                   		reti
 146                             	.LFE4:
 148                             		.global	_INT_P3
 150                             	_INT_P3:
 151                             	.LFB5:
  47:../src/interrupt_handlers.c **** 
  48:../src/interrupt_handlers.c **** /*
  49:../src/interrupt_handlers.c ****  * INT_P3 (0xE)
  50:../src/interrupt_handlers.c ****  */
  51:../src/interrupt_handlers.c **** void INT_P3 (void) { }
 152                             		.loc 1 51 0
 153                             		; start of function
 154                             		; push 8: ax bc de hl
 155 003c 61 CF                   		sel	rb0
 156 003e C1                      		push	ax
 157                             	.LCFI20:
 158 003f C3                      		push	bc
 159                             	.LCFI21:
 160 0040 C5                      		push	de
 161                             	.LCFI22:
 162 0041 C7                      		push	hl
 163                             	.LCFI23:
 164                             		.loc 1 51 0
 165 0042 C6                      		pop	hl
 166 0043 C4                      		pop	de
 167 0044 C2                      		pop	bc
 168 0045 C0                      		pop	ax
 169 0046 61 FC                   		reti
 170                             	.LFE5:
 172                             		.global	_INT_P4
 174                             	_INT_P4:
 175                             	.LFB6:
  52:../src/interrupt_handlers.c **** 
  53:../src/interrupt_handlers.c **** /*
  54:../src/interrupt_handlers.c ****  * INT_P4 (0x10)
  55:../src/interrupt_handlers.c ****  */
  56:../src/interrupt_handlers.c **** void INT_P4 (void) { }
 176                             		.loc 1 56 0
 177                             		; start of function
 178                             		; push 8: ax bc de hl
 179 0048 61 CF                   		sel	rb0
 180 004a C1                      		push	ax
 181                             	.LCFI24:
 182 004b C3                      		push	bc
 183                             	.LCFI25:
 184 004c C5                      		push	de
 185                             	.LCFI26:
 186 004d C7                      		push	hl
 187                             	.LCFI27:
 188                             		.loc 1 56 0
 189 004e C6                      		pop	hl
 190 004f C4                      		pop	de
 191 0050 C2                      		pop	bc
 192 0051 C0                      		pop	ax
 193 0052 61 FC                   		reti
 194                             	.LFE6:
 196                             		.global	_INT_P5
 198                             	_INT_P5:
 199                             	.LFB7:
  57:../src/interrupt_handlers.c **** 
  58:../src/interrupt_handlers.c **** /*
  59:../src/interrupt_handlers.c ****  * INT_P5 (0x12)
  60:../src/interrupt_handlers.c ****  */
  61:../src/interrupt_handlers.c **** void INT_P5 (void) { }
 200                             		.loc 1 61 0
 201                             		; start of function
 202                             		; push 8: ax bc de hl
 203 0054 61 CF                   		sel	rb0
 204 0056 C1                      		push	ax
 205                             	.LCFI28:
 206 0057 C3                      		push	bc
 207                             	.LCFI29:
 208 0058 C5                      		push	de
 209                             	.LCFI30:
 210 0059 C7                      		push	hl
 211                             	.LCFI31:
 212                             		.loc 1 61 0
 213 005a C6                      		pop	hl
 214 005b C4                      		pop	de
 215 005c C2                      		pop	bc
 216 005d C0                      		pop	ax
 217 005e 61 FC                   		reti
 218                             	.LFE7:
 220                             		.global	_INT_ST2
 222                             	_INT_ST2:
 223                             	.LFB8:
  62:../src/interrupt_handlers.c **** 
  63:../src/interrupt_handlers.c **** /*
  64:../src/interrupt_handlers.c ****  * INT_CSI20/INT_IIC20/INT_ST2 (0x14)
  65:../src/interrupt_handlers.c ****  */
  66:../src/interrupt_handlers.c **** void INT_ST2 (void) { }
 224                             		.loc 1 66 0
 225                             		; start of function
 226                             		; push 8: ax bc de hl
 227 0060 61 CF                   		sel	rb0
 228 0062 C1                      		push	ax
 229                             	.LCFI32:
 230 0063 C3                      		push	bc
 231                             	.LCFI33:
 232 0064 C5                      		push	de
 233                             	.LCFI34:
 234 0065 C7                      		push	hl
 235                             	.LCFI35:
 236                             		.loc 1 66 0
 237 0066 C6                      		pop	hl
 238 0067 C4                      		pop	de
 239 0068 C2                      		pop	bc
 240 0069 C0                      		pop	ax
 241 006a 61 FC                   		reti
 242                             	.LFE8:
 244                             		.global	_INT_SR2
 246                             	_INT_SR2:
 247                             	.LFB9:
  67:../src/interrupt_handlers.c **** //void INT_CSI20 (void) { }
  68:../src/interrupt_handlers.c **** //void INT_IIC20 (void) { }
  69:../src/interrupt_handlers.c **** 
  70:../src/interrupt_handlers.c **** /*
  71:../src/interrupt_handlers.c ****  * INT_CSI21/INT_IIC21/INT_SR2 (0x16)
  72:../src/interrupt_handlers.c ****  */
  73:../src/interrupt_handlers.c **** void INT_SR2 (void) { }
 248                             		.loc 1 73 0
 249                             		; start of function
 250                             		; push 8: ax bc de hl
 251 006c 61 CF                   		sel	rb0
 252 006e C1                      		push	ax
 253                             	.LCFI36:
 254 006f C3                      		push	bc
 255                             	.LCFI37:
 256 0070 C5                      		push	de
 257                             	.LCFI38:
 258 0071 C7                      		push	hl
 259                             	.LCFI39:
 260                             		.loc 1 73 0
 261 0072 C6                      		pop	hl
 262 0073 C4                      		pop	de
 263 0074 C2                      		pop	bc
 264 0075 C0                      		pop	ax
 265 0076 61 FC                   		reti
 266                             	.LFE9:
 268                             		.global	_INT_SRE2
 270                             	_INT_SRE2:
 271                             	.LFB10:
  74:../src/interrupt_handlers.c **** //void INT_CSI21 (void) { }
  75:../src/interrupt_handlers.c **** //void INT_IIC21 (void) { }
  76:../src/interrupt_handlers.c **** 
  77:../src/interrupt_handlers.c **** /*
  78:../src/interrupt_handlers.c ****  * INT_SRE2 (0x18)
  79:../src/interrupt_handlers.c ****  */
  80:../src/interrupt_handlers.c **** void INT_SRE2 (void) { }
 272                             		.loc 1 80 0
 273                             		; start of function
 274                             		; push 8: ax bc de hl
 275 0078 61 CF                   		sel	rb0
 276 007a C1                      		push	ax
 277                             	.LCFI40:
 278 007b C3                      		push	bc
 279                             	.LCFI41:
 280 007c C5                      		push	de
 281                             	.LCFI42:
 282 007d C7                      		push	hl
 283                             	.LCFI43:
 284                             		.loc 1 80 0
 285 007e C6                      		pop	hl
 286 007f C4                      		pop	de
 287 0080 C2                      		pop	bc
 288 0081 C0                      		pop	ax
 289 0082 61 FC                   		reti
 290                             	.LFE10:
 292                             		.global	_INT_DMA0
 294                             	_INT_DMA0:
 295                             	.LFB11:
  81:../src/interrupt_handlers.c **** 
  82:../src/interrupt_handlers.c **** /*
  83:../src/interrupt_handlers.c ****  * INT_DMA0 (0x1A)
  84:../src/interrupt_handlers.c ****  */
  85:../src/interrupt_handlers.c **** void INT_DMA0 (void) { }
 296                             		.loc 1 85 0
 297                             		; start of function
 298                             		; push 8: ax bc de hl
 299 0084 61 CF                   		sel	rb0
 300 0086 C1                      		push	ax
 301                             	.LCFI44:
 302 0087 C3                      		push	bc
 303                             	.LCFI45:
 304 0088 C5                      		push	de
 305                             	.LCFI46:
 306 0089 C7                      		push	hl
 307                             	.LCFI47:
 308                             		.loc 1 85 0
 309 008a C6                      		pop	hl
 310 008b C4                      		pop	de
 311 008c C2                      		pop	bc
 312 008d C0                      		pop	ax
 313 008e 61 FC                   		reti
 314                             	.LFE11:
 316                             		.global	_INT_DMA1
 318                             	_INT_DMA1:
 319                             	.LFB12:
  86:../src/interrupt_handlers.c **** 
  87:../src/interrupt_handlers.c **** /*
  88:../src/interrupt_handlers.c ****  * INT_DMA1 (0x1C)
  89:../src/interrupt_handlers.c ****  */
  90:../src/interrupt_handlers.c **** void INT_DMA1 (void) { }
 320                             		.loc 1 90 0
 321                             		; start of function
 322                             		; push 8: ax bc de hl
 323 0090 61 CF                   		sel	rb0
 324 0092 C1                      		push	ax
 325                             	.LCFI48:
 326 0093 C3                      		push	bc
 327                             	.LCFI49:
 328 0094 C5                      		push	de
 329                             	.LCFI50:
 330 0095 C7                      		push	hl
 331                             	.LCFI51:
 332                             		.loc 1 90 0
 333 0096 C6                      		pop	hl
 334 0097 C4                      		pop	de
 335 0098 C2                      		pop	bc
 336 0099 C0                      		pop	ax
 337 009a 61 FC                   		reti
 338                             	.LFE12:
 340                             		.global	_INT_ST0
 342                             	_INT_ST0:
 343                             	.LFB13:
  91:../src/interrupt_handlers.c **** 
  92:../src/interrupt_handlers.c **** /*
  93:../src/interrupt_handlers.c ****  * INT_CSI00/INT_IIC00/INT_ST0 (0x1E)
  94:../src/interrupt_handlers.c ****  */
  95:../src/interrupt_handlers.c **** void INT_ST0 (void) { }
 344                             		.loc 1 95 0
 345                             		; start of function
 346                             		; push 8: ax bc de hl
 347 009c 61 CF                   		sel	rb0
 348 009e C1                      		push	ax
 349                             	.LCFI52:
 350 009f C3                      		push	bc
 351                             	.LCFI53:
 352 00a0 C5                      		push	de
 353                             	.LCFI54:
 354 00a1 C7                      		push	hl
 355                             	.LCFI55:
 356                             		.loc 1 95 0
 357 00a2 C6                      		pop	hl
 358 00a3 C4                      		pop	de
 359 00a4 C2                      		pop	bc
 360 00a5 C0                      		pop	ax
 361 00a6 61 FC                   		reti
 362                             	.LFE13:
 364                             		.global	_INT_SR0
 366                             	_INT_SR0:
 367                             	.LFB14:
  96:../src/interrupt_handlers.c **** //void INT_CSI00 (void) { }
  97:../src/interrupt_handlers.c **** //void INT_IIC00 (void) { }
  98:../src/interrupt_handlers.c **** 
  99:../src/interrupt_handlers.c **** /*
 100:../src/interrupt_handlers.c ****  * INT_CSI01/INT_IIC01/INT_SR0 (0x20)
 101:../src/interrupt_handlers.c ****  */
 102:../src/interrupt_handlers.c **** void INT_SR0 (void) { }
 368                             		.loc 1 102 0
 369                             		; start of function
 370                             		; push 8: ax bc de hl
 371 00a8 61 CF                   		sel	rb0
 372 00aa C1                      		push	ax
 373                             	.LCFI56:
 374 00ab C3                      		push	bc
 375                             	.LCFI57:
 376 00ac C5                      		push	de
 377                             	.LCFI58:
 378 00ad C7                      		push	hl
 379                             	.LCFI59:
 380                             		.loc 1 102 0
 381 00ae C6                      		pop	hl
 382 00af C4                      		pop	de
 383 00b0 C2                      		pop	bc
 384 00b1 C0                      		pop	ax
 385 00b2 61 FC                   		reti
 386                             	.LFE14:
 388                             		.global	_INT_TM01H
 390                             	_INT_TM01H:
 391                             	.LFB15:
 103:../src/interrupt_handlers.c **** //void INT_CSI01 (void) { }
 104:../src/interrupt_handlers.c **** //void INT_IIC01 (void) { }
 105:../src/interrupt_handlers.c **** 
 106:../src/interrupt_handlers.c **** /*
 107:../src/interrupt_handlers.c ****  * INT_SRE0/INT_TM01H (0x22)
 108:../src/interrupt_handlers.c ****  */
 109:../src/interrupt_handlers.c **** void INT_TM01H (void) { }
 392                             		.loc 1 109 0
 393                             		; start of function
 394                             		; push 8: ax bc de hl
 395 00b4 61 CF                   		sel	rb0
 396 00b6 C1                      		push	ax
 397                             	.LCFI60:
 398 00b7 C3                      		push	bc
 399                             	.LCFI61:
 400 00b8 C5                      		push	de
 401                             	.LCFI62:
 402 00b9 C7                      		push	hl
 403                             	.LCFI63:
 404                             		.loc 1 109 0
 405 00ba C6                      		pop	hl
 406 00bb C4                      		pop	de
 407 00bc C2                      		pop	bc
 408 00bd C0                      		pop	ax
 409 00be 61 FC                   		reti
 410                             	.LFE15:
 412                             		.global	_INT_ST1
 414                             	_INT_ST1:
 415                             	.LFB16:
 110:../src/interrupt_handlers.c **** //void INT_SRE0 (void) { }
 111:../src/interrupt_handlers.c **** 
 112:../src/interrupt_handlers.c **** /*
 113:../src/interrupt_handlers.c ****  * INT_CSI10/INT_IIC10/INT_ST1 (0x24)
 114:../src/interrupt_handlers.c ****  */
 115:../src/interrupt_handlers.c **** void INT_ST1 (void) { }
 416                             		.loc 1 115 0
 417                             		; start of function
 418                             		; push 8: ax bc de hl
 419 00c0 61 CF                   		sel	rb0
 420 00c2 C1                      		push	ax
 421                             	.LCFI64:
 422 00c3 C3                      		push	bc
 423                             	.LCFI65:
 424 00c4 C5                      		push	de
 425                             	.LCFI66:
 426 00c5 C7                      		push	hl
 427                             	.LCFI67:
 428                             		.loc 1 115 0
 429 00c6 C6                      		pop	hl
 430 00c7 C4                      		pop	de
 431 00c8 C2                      		pop	bc
 432 00c9 C0                      		pop	ax
 433 00ca 61 FC                   		reti
 434                             	.LFE16:
 436                             		.global	_INT_SR1
 438                             	_INT_SR1:
 439                             	.LFB17:
 116:../src/interrupt_handlers.c **** //void INT_CSI10 (void) { }
 117:../src/interrupt_handlers.c **** //void INT_IIC10 (void) { }
 118:../src/interrupt_handlers.c **** 
 119:../src/interrupt_handlers.c **** /*
 120:../src/interrupt_handlers.c ****  * INT_CSI11/INT_IIC11/INT_SR1 (0x26)
 121:../src/interrupt_handlers.c ****  */
 122:../src/interrupt_handlers.c **** void INT_SR1 (void) { }
 440                             		.loc 1 122 0
 441                             		; start of function
 442                             		; push 8: ax bc de hl
 443 00cc 61 CF                   		sel	rb0
 444 00ce C1                      		push	ax
 445                             	.LCFI68:
 446 00cf C3                      		push	bc
 447                             	.LCFI69:
 448 00d0 C5                      		push	de
 449                             	.LCFI70:
 450 00d1 C7                      		push	hl
 451                             	.LCFI71:
 452                             		.loc 1 122 0
 453 00d2 C6                      		pop	hl
 454 00d3 C4                      		pop	de
 455 00d4 C2                      		pop	bc
 456 00d5 C0                      		pop	ax
 457 00d6 61 FC                   		reti
 458                             	.LFE17:
 460                             		.global	_INT_TM03H
 462                             	_INT_TM03H:
 463                             	.LFB18:
 123:../src/interrupt_handlers.c **** //void INT_CSI11 (void) { }
 124:../src/interrupt_handlers.c **** //void INT_IIC11 (void) { }
 125:../src/interrupt_handlers.c **** 
 126:../src/interrupt_handlers.c **** /*
 127:../src/interrupt_handlers.c ****  * INT_SRE1/INT_TM03H (0x28)
 128:../src/interrupt_handlers.c ****  */
 129:../src/interrupt_handlers.c **** void INT_TM03H (void) { }
 464                             		.loc 1 129 0
 465                             		; start of function
 466                             		; push 8: ax bc de hl
 467 00d8 61 CF                   		sel	rb0
 468 00da C1                      		push	ax
 469                             	.LCFI72:
 470 00db C3                      		push	bc
 471                             	.LCFI73:
 472 00dc C5                      		push	de
 473                             	.LCFI74:
 474 00dd C7                      		push	hl
 475                             	.LCFI75:
 476                             		.loc 1 129 0
 477 00de C6                      		pop	hl
 478 00df C4                      		pop	de
 479 00e0 C2                      		pop	bc
 480 00e1 C0                      		pop	ax
 481 00e2 61 FC                   		reti
 482                             	.LFE18:
 484                             		.global	_INT_IICA0
 486                             	_INT_IICA0:
 487                             	.LFB19:
 130:../src/interrupt_handlers.c **** //void INT_SRE1 (void) { }
 131:../src/interrupt_handlers.c **** 
 132:../src/interrupt_handlers.c **** /*
 133:../src/interrupt_handlers.c ****  * INT_IICA0 (0x2A)
 134:../src/interrupt_handlers.c ****  */
 135:../src/interrupt_handlers.c **** void INT_IICA0 (void) { }
 488                             		.loc 1 135 0
 489                             		; start of function
 490                             		; push 8: ax bc de hl
 491 00e4 61 CF                   		sel	rb0
 492 00e6 C1                      		push	ax
 493                             	.LCFI76:
 494 00e7 C3                      		push	bc
 495                             	.LCFI77:
 496 00e8 C5                      		push	de
 497                             	.LCFI78:
 498 00e9 C7                      		push	hl
 499                             	.LCFI79:
 500                             		.loc 1 135 0
 501 00ea C6                      		pop	hl
 502 00eb C4                      		pop	de
 503 00ec C2                      		pop	bc
 504 00ed C0                      		pop	ax
 505 00ee 61 FC                   		reti
 506                             	.LFE19:
 508                             		.global	_INT_TM00
 510                             	_INT_TM00:
 511                             	.LFB20:
 136:../src/interrupt_handlers.c **** 
 137:../src/interrupt_handlers.c **** /*
 138:../src/interrupt_handlers.c ****  * INT_TM00 (0x2C)
 139:../src/interrupt_handlers.c ****  */
 140:../src/interrupt_handlers.c **** void INT_TM00 (void) { }
 512                             		.loc 1 140 0
 513                             		; start of function
 514                             		; push 8: ax bc de hl
 515 00f0 61 CF                   		sel	rb0
 516 00f2 C1                      		push	ax
 517                             	.LCFI80:
 518 00f3 C3                      		push	bc
 519                             	.LCFI81:
 520 00f4 C5                      		push	de
 521                             	.LCFI82:
 522 00f5 C7                      		push	hl
 523                             	.LCFI83:
 524                             		.loc 1 140 0
 525 00f6 C6                      		pop	hl
 526 00f7 C4                      		pop	de
 527 00f8 C2                      		pop	bc
 528 00f9 C0                      		pop	ax
 529 00fa 61 FC                   		reti
 530                             	.LFE20:
 532                             		.global	_INT_TM01
 534                             	_INT_TM01:
 535                             	.LFB21:
 141:../src/interrupt_handlers.c **** 
 142:../src/interrupt_handlers.c **** /*
 143:../src/interrupt_handlers.c ****  * INT_TM01 (0x2E)
 144:../src/interrupt_handlers.c ****  */
 145:../src/interrupt_handlers.c **** void INT_TM01 (void) { }
 536                             		.loc 1 145 0
 537                             		; start of function
 538                             		; push 8: ax bc de hl
 539 00fc 61 CF                   		sel	rb0
 540 00fe C1                      		push	ax
 541                             	.LCFI84:
 542 00ff C3                      		push	bc
 543                             	.LCFI85:
 544 0100 C5                      		push	de
 545                             	.LCFI86:
 546 0101 C7                      		push	hl
 547                             	.LCFI87:
 548                             		.loc 1 145 0
 549 0102 C6                      		pop	hl
 550 0103 C4                      		pop	de
 551 0104 C2                      		pop	bc
 552 0105 C0                      		pop	ax
 553 0106 61 FC                   		reti
 554                             	.LFE21:
 556                             		.global	_INT_TM02
 558                             	_INT_TM02:
 559                             	.LFB22:
 146:../src/interrupt_handlers.c **** 
 147:../src/interrupt_handlers.c **** /*
 148:../src/interrupt_handlers.c ****  * INT_TM02 (0x30)
 149:../src/interrupt_handlers.c ****  */
 150:../src/interrupt_handlers.c **** void INT_TM02 (void) { }
 560                             		.loc 1 150 0
 561                             		; start of function
 562                             		; push 8: ax bc de hl
 563 0108 61 CF                   		sel	rb0
 564 010a C1                      		push	ax
 565                             	.LCFI88:
 566 010b C3                      		push	bc
 567                             	.LCFI89:
 568 010c C5                      		push	de
 569                             	.LCFI90:
 570 010d C7                      		push	hl
 571                             	.LCFI91:
 572                             		.loc 1 150 0
 573 010e C6                      		pop	hl
 574 010f C4                      		pop	de
 575 0110 C2                      		pop	bc
 576 0111 C0                      		pop	ax
 577 0112 61 FC                   		reti
 578                             	.LFE22:
 580                             		.global	_INT_TM03
 582                             	_INT_TM03:
 583                             	.LFB23:
 151:../src/interrupt_handlers.c **** 
 152:../src/interrupt_handlers.c **** /*
 153:../src/interrupt_handlers.c ****  * INT_TM03 (0x32)
 154:../src/interrupt_handlers.c ****  */
 155:../src/interrupt_handlers.c **** void INT_TM03 (void) { }
 584                             		.loc 1 155 0
 585                             		; start of function
 586                             		; push 8: ax bc de hl
 587 0114 61 CF                   		sel	rb0
 588 0116 C1                      		push	ax
 589                             	.LCFI92:
 590 0117 C3                      		push	bc
 591                             	.LCFI93:
 592 0118 C5                      		push	de
 593                             	.LCFI94:
 594 0119 C7                      		push	hl
 595                             	.LCFI95:
 596                             		.loc 1 155 0
 597 011a C6                      		pop	hl
 598 011b C4                      		pop	de
 599 011c C2                      		pop	bc
 600 011d C0                      		pop	ax
 601 011e 61 FC                   		reti
 602                             	.LFE23:
 604                             		.global	_INT_AD
 606                             	_INT_AD:
 607                             	.LFB24:
 156:../src/interrupt_handlers.c **** 
 157:../src/interrupt_handlers.c **** /*
 158:../src/interrupt_handlers.c ****  * INT_AD (0x34)
 159:../src/interrupt_handlers.c ****  */
 160:../src/interrupt_handlers.c **** void INT_AD (void) { }
 608                             		.loc 1 160 0
 609                             		; start of function
 610                             		; push 8: ax bc de hl
 611 0120 61 CF                   		sel	rb0
 612 0122 C1                      		push	ax
 613                             	.LCFI96:
 614 0123 C3                      		push	bc
 615                             	.LCFI97:
 616 0124 C5                      		push	de
 617                             	.LCFI98:
 618 0125 C7                      		push	hl
 619                             	.LCFI99:
 620                             		.loc 1 160 0
 621 0126 C6                      		pop	hl
 622 0127 C4                      		pop	de
 623 0128 C2                      		pop	bc
 624 0129 C0                      		pop	ax
 625 012a 61 FC                   		reti
 626                             	.LFE24:
 628                             		.global	_INT_RTC
 630                             	_INT_RTC:
 631                             	.LFB25:
 161:../src/interrupt_handlers.c **** 
 162:../src/interrupt_handlers.c **** /*
 163:../src/interrupt_handlers.c ****  * INT_RTC (0x36)
 164:../src/interrupt_handlers.c ****  */
 165:../src/interrupt_handlers.c **** void INT_RTC (void) { }
 632                             		.loc 1 165 0
 633                             		; start of function
 634                             		; push 8: ax bc de hl
 635 012c 61 CF                   		sel	rb0
 636 012e C1                      		push	ax
 637                             	.LCFI100:
 638 012f C3                      		push	bc
 639                             	.LCFI101:
 640 0130 C5                      		push	de
 641                             	.LCFI102:
 642 0131 C7                      		push	hl
 643                             	.LCFI103:
 644                             		.loc 1 165 0
 645 0132 C6                      		pop	hl
 646 0133 C4                      		pop	de
 647 0134 C2                      		pop	bc
 648 0135 C0                      		pop	ax
 649 0136 61 FC                   		reti
 650                             	.LFE25:
 652                             		.global	_INT_KR
 654                             	_INT_KR:
 655                             	.LFB26:
 166:../src/interrupt_handlers.c **** 
 167:../src/interrupt_handlers.c **** /*
 168:../src/interrupt_handlers.c ****  * INT_IT (0x38)
 169:../src/interrupt_handlers.c ****  */
 170:../src/interrupt_handlers.c **** //void INT_IT (void) { }
 171:../src/interrupt_handlers.c **** 
 172:../src/interrupt_handlers.c **** /*
 173:../src/interrupt_handlers.c ****  * INT_KR (0x3A)
 174:../src/interrupt_handlers.c ****  */
 175:../src/interrupt_handlers.c **** void INT_KR (void) { }
 656                             		.loc 1 175 0
 657                             		; start of function
 658                             		; push 8: ax bc de hl
 659 0138 61 CF                   		sel	rb0
 660 013a C1                      		push	ax
 661                             	.LCFI104:
 662 013b C3                      		push	bc
 663                             	.LCFI105:
 664 013c C5                      		push	de
 665                             	.LCFI106:
 666 013d C7                      		push	hl
 667                             	.LCFI107:
 668                             		.loc 1 175 0
 669 013e C6                      		pop	hl
 670 013f C4                      		pop	de
 671 0140 C2                      		pop	bc
 672 0141 C0                      		pop	ax
 673 0142 61 FC                   		reti
 674                             	.LFE26:
 676                             		.global	_INT_TM04
 678                             	_INT_TM04:
 679                             	.LFB27:
 176:../src/interrupt_handlers.c **** 
 177:../src/interrupt_handlers.c **** /*
 178:../src/interrupt_handlers.c ****  * INT_TM04 (0x42)
 179:../src/interrupt_handlers.c ****  */
 180:../src/interrupt_handlers.c **** void INT_TM04 (void) { }
 680                             		.loc 1 180 0
 681                             		; start of function
 682                             		; push 8: ax bc de hl
 683 0144 61 CF                   		sel	rb0
 684 0146 C1                      		push	ax
 685                             	.LCFI108:
 686 0147 C3                      		push	bc
 687                             	.LCFI109:
 688 0148 C5                      		push	de
 689                             	.LCFI110:
 690 0149 C7                      		push	hl
 691                             	.LCFI111:
 692                             		.loc 1 180 0
 693 014a C6                      		pop	hl
 694 014b C4                      		pop	de
 695 014c C2                      		pop	bc
 696 014d C0                      		pop	ax
 697 014e 61 FC                   		reti
 698                             	.LFE27:
 700                             		.global	_INT_TM05
 702                             	_INT_TM05:
 703                             	.LFB28:
 181:../src/interrupt_handlers.c **** 
 182:../src/interrupt_handlers.c **** /*
 183:../src/interrupt_handlers.c ****  * INT_TM05 (0x44)
 184:../src/interrupt_handlers.c ****  */
 185:../src/interrupt_handlers.c **** void INT_TM05 (void) { }
 704                             		.loc 1 185 0
 705                             		; start of function
 706                             		; push 8: ax bc de hl
 707 0150 61 CF                   		sel	rb0
 708 0152 C1                      		push	ax
 709                             	.LCFI112:
 710 0153 C3                      		push	bc
 711                             	.LCFI113:
 712 0154 C5                      		push	de
 713                             	.LCFI114:
 714 0155 C7                      		push	hl
 715                             	.LCFI115:
 716                             		.loc 1 185 0
 717 0156 C6                      		pop	hl
 718 0157 C4                      		pop	de
 719 0158 C2                      		pop	bc
 720 0159 C0                      		pop	ax
 721 015a 61 FC                   		reti
 722                             	.LFE28:
 724                             		.global	_INT_TM06
 726                             	_INT_TM06:
 727                             	.LFB29:
 186:../src/interrupt_handlers.c **** 
 187:../src/interrupt_handlers.c **** /*
 188:../src/interrupt_handlers.c ****  * INT_TM06 (0x46)
 189:../src/interrupt_handlers.c ****  */
 190:../src/interrupt_handlers.c **** void INT_TM06 (void) { }
 728                             		.loc 1 190 0
 729                             		; start of function
 730                             		; push 8: ax bc de hl
 731 015c 61 CF                   		sel	rb0
 732 015e C1                      		push	ax
 733                             	.LCFI116:
 734 015f C3                      		push	bc
 735                             	.LCFI117:
 736 0160 C5                      		push	de
 737                             	.LCFI118:
 738 0161 C7                      		push	hl
 739                             	.LCFI119:
 740                             		.loc 1 190 0
 741 0162 C6                      		pop	hl
 742 0163 C4                      		pop	de
 743 0164 C2                      		pop	bc
 744 0165 C0                      		pop	ax
 745 0166 61 FC                   		reti
 746                             	.LFE29:
 748                             		.global	_INT_TM07
 750                             	_INT_TM07:
 751                             	.LFB30:
 191:../src/interrupt_handlers.c **** 
 192:../src/interrupt_handlers.c **** /*
 193:../src/interrupt_handlers.c ****  * INT_TM07 (0x48)
 194:../src/interrupt_handlers.c ****  */
 195:../src/interrupt_handlers.c **** void INT_TM07 (void) { }
 752                             		.loc 1 195 0
 753                             		; start of function
 754                             		; push 8: ax bc de hl
 755 0168 61 CF                   		sel	rb0
 756 016a C1                      		push	ax
 757                             	.LCFI120:
 758 016b C3                      		push	bc
 759                             	.LCFI121:
 760 016c C5                      		push	de
 761                             	.LCFI122:
 762 016d C7                      		push	hl
 763                             	.LCFI123:
 764                             		.loc 1 195 0
 765 016e C6                      		pop	hl
 766 016f C4                      		pop	de
 767 0170 C2                      		pop	bc
 768 0171 C0                      		pop	ax
 769 0172 61 FC                   		reti
 770                             	.LFE30:
 772                             		.global	_INT_P6
 774                             	_INT_P6:
 775                             	.LFB31:
 196:../src/interrupt_handlers.c **** 
 197:../src/interrupt_handlers.c **** /*
 198:../src/interrupt_handlers.c ****  * INT_P6 (0x4A)
 199:../src/interrupt_handlers.c ****  */
 200:../src/interrupt_handlers.c **** void INT_P6 (void) { }
 776                             		.loc 1 200 0
 777                             		; start of function
 778                             		; push 8: ax bc de hl
 779 0174 61 CF                   		sel	rb0
 780 0176 C1                      		push	ax
 781                             	.LCFI124:
 782 0177 C3                      		push	bc
 783                             	.LCFI125:
 784 0178 C5                      		push	de
 785                             	.LCFI126:
 786 0179 C7                      		push	hl
 787                             	.LCFI127:
 788                             		.loc 1 200 0
 789 017a C6                      		pop	hl
 790 017b C4                      		pop	de
 791 017c C2                      		pop	bc
 792 017d C0                      		pop	ax
 793 017e 61 FC                   		reti
 794                             	.LFE31:
 796                             		.global	_INT_P7
 798                             	_INT_P7:
 799                             	.LFB32:
 201:../src/interrupt_handlers.c **** 
 202:../src/interrupt_handlers.c **** /*
 203:../src/interrupt_handlers.c ****  * INT_P7 (0x4C)
 204:../src/interrupt_handlers.c ****  */
 205:../src/interrupt_handlers.c **** void INT_P7 (void) { }
 800                             		.loc 1 205 0
 801                             		; start of function
 802                             		; push 8: ax bc de hl
 803 0180 61 CF                   		sel	rb0
 804 0182 C1                      		push	ax
 805                             	.LCFI128:
 806 0183 C3                      		push	bc
 807                             	.LCFI129:
 808 0184 C5                      		push	de
 809                             	.LCFI130:
 810 0185 C7                      		push	hl
 811                             	.LCFI131:
 812                             		.loc 1 205 0
 813 0186 C6                      		pop	hl
 814 0187 C4                      		pop	de
 815 0188 C2                      		pop	bc
 816 0189 C0                      		pop	ax
 817 018a 61 FC                   		reti
 818                             	.LFE32:
 820                             		.global	_INT_P8
 822                             	_INT_P8:
 823                             	.LFB33:
 206:../src/interrupt_handlers.c **** 
 207:../src/interrupt_handlers.c **** /*
 208:../src/interrupt_handlers.c ****  * INT_P8 (0x4E)
 209:../src/interrupt_handlers.c ****  */
 210:../src/interrupt_handlers.c **** void INT_P8 (void) { }
 824                             		.loc 1 210 0
 825                             		; start of function
 826                             		; push 8: ax bc de hl
 827 018c 61 CF                   		sel	rb0
 828 018e C1                      		push	ax
 829                             	.LCFI132:
 830 018f C3                      		push	bc
 831                             	.LCFI133:
 832 0190 C5                      		push	de
 833                             	.LCFI134:
 834 0191 C7                      		push	hl
 835                             	.LCFI135:
 836                             		.loc 1 210 0
 837 0192 C6                      		pop	hl
 838 0193 C4                      		pop	de
 839 0194 C2                      		pop	bc
 840 0195 C0                      		pop	ax
 841 0196 61 FC                   		reti
 842                             	.LFE33:
 844                             		.global	_INT_P9
 846                             	_INT_P9:
 847                             	.LFB34:
 211:../src/interrupt_handlers.c **** 
 212:../src/interrupt_handlers.c **** /*
 213:../src/interrupt_handlers.c ****  * INT_P9 (0x50)
 214:../src/interrupt_handlers.c ****  */
 215:../src/interrupt_handlers.c **** void INT_P9 (void) { }
 848                             		.loc 1 215 0
 849                             		; start of function
 850                             		; push 8: ax bc de hl
 851 0198 61 CF                   		sel	rb0
 852 019a C1                      		push	ax
 853                             	.LCFI136:
 854 019b C3                      		push	bc
 855                             	.LCFI137:
 856 019c C5                      		push	de
 857                             	.LCFI138:
 858 019d C7                      		push	hl
 859                             	.LCFI139:
 860                             		.loc 1 215 0
 861 019e C6                      		pop	hl
 862 019f C4                      		pop	de
 863 01a0 C2                      		pop	bc
 864 01a1 C0                      		pop	ax
 865 01a2 61 FC                   		reti
 866                             	.LFE34:
 868                             		.global	_INT_P10
 870                             	_INT_P10:
 871                             	.LFB35:
 216:../src/interrupt_handlers.c **** 
 217:../src/interrupt_handlers.c **** /*
 218:../src/interrupt_handlers.c ****  * INT_P10 (0x52)
 219:../src/interrupt_handlers.c ****  */
 220:../src/interrupt_handlers.c **** void INT_P10 (void) { }
 872                             		.loc 1 220 0
 873                             		; start of function
 874                             		; push 8: ax bc de hl
 875 01a4 61 CF                   		sel	rb0
 876 01a6 C1                      		push	ax
 877                             	.LCFI140:
 878 01a7 C3                      		push	bc
 879                             	.LCFI141:
 880 01a8 C5                      		push	de
 881                             	.LCFI142:
 882 01a9 C7                      		push	hl
 883                             	.LCFI143:
 884                             		.loc 1 220 0
 885 01aa C6                      		pop	hl
 886 01ab C4                      		pop	de
 887 01ac C2                      		pop	bc
 888 01ad C0                      		pop	ax
 889 01ae 61 FC                   		reti
 890                             	.LFE35:
 892                             		.global	_INT_P11
 894                             	_INT_P11:
 895                             	.LFB36:
 221:../src/interrupt_handlers.c **** 
 222:../src/interrupt_handlers.c **** /*
 223:../src/interrupt_handlers.c ****  * INT_P11 (0x54)
 224:../src/interrupt_handlers.c ****  */
 225:../src/interrupt_handlers.c **** void INT_P11 (void) { }
 896                             		.loc 1 225 0
 897                             		; start of function
 898                             		; push 8: ax bc de hl
 899 01b0 61 CF                   		sel	rb0
 900 01b2 C1                      		push	ax
 901                             	.LCFI144:
 902 01b3 C3                      		push	bc
 903                             	.LCFI145:
 904 01b4 C5                      		push	de
 905                             	.LCFI146:
 906 01b5 C7                      		push	hl
 907                             	.LCFI147:
 908                             		.loc 1 225 0
 909 01b6 C6                      		pop	hl
 910 01b7 C4                      		pop	de
 911 01b8 C2                      		pop	bc
 912 01b9 C0                      		pop	ax
 913 01ba 61 FC                   		reti
 914                             	.LFE36:
 916                             		.global	_INT_MD
 918                             	_INT_MD:
 919                             	.LFB37:
 226:../src/interrupt_handlers.c **** 
 227:../src/interrupt_handlers.c **** /*
 228:../src/interrupt_handlers.c ****  * INT_MD (0x5E)
 229:../src/interrupt_handlers.c ****  */
 230:../src/interrupt_handlers.c **** void INT_MD (void) { }
 920                             		.loc 1 230 0
 921                             		; start of function
 922                             		; push 8: ax bc de hl
 923 01bc 61 CF                   		sel	rb0
 924 01be C1                      		push	ax
 925                             	.LCFI148:
 926 01bf C3                      		push	bc
 927                             	.LCFI149:
 928 01c0 C5                      		push	de
 929                             	.LCFI150:
 930 01c1 C7                      		push	hl
 931                             	.LCFI151:
 932                             		.loc 1 230 0
 933 01c2 C6                      		pop	hl
 934 01c3 C4                      		pop	de
 935 01c4 C2                      		pop	bc
 936 01c5 C0                      		pop	ax
 937 01c6 61 FC                   		reti
 938                             	.LFE37:
 940                             		.global	_INT_FL
 942                             	_INT_FL:
 943                             	.LFB38:
 231:../src/interrupt_handlers.c **** 
 232:../src/interrupt_handlers.c **** /*
 233:../src/interrupt_handlers.c ****  * INT_FL (0x62)
 234:../src/interrupt_handlers.c ****  */
 235:../src/interrupt_handlers.c **** void INT_FL (void) { }
 944                             		.loc 1 235 0
 945                             		; start of function
 946                             		; push 8: ax bc de hl
 947 01c8 61 CF                   		sel	rb0
 948 01ca C1                      		push	ax
 949                             	.LCFI152:
 950 01cb C3                      		push	bc
 951                             	.LCFI153:
 952 01cc C5                      		push	de
 953                             	.LCFI154:
 954 01cd C7                      		push	hl
 955                             	.LCFI155:
 956                             		.loc 1 235 0
 957 01ce C6                      		pop	hl
 958 01cf C4                      		pop	de
 959 01d0 C2                      		pop	bc
 960 01d1 C0                      		pop	ax
 961 01d2 61 FC                   		reti
 962                             	.LFE38:
 964                             		.global	_INT_BRK_I
 966                             	_INT_BRK_I:
 967                             	.LFB39:
 236:../src/interrupt_handlers.c **** 
 237:../src/interrupt_handlers.c **** /*
 238:../src/interrupt_handlers.c ****  * INT_BRK_I (0x7E)
 239:../src/interrupt_handlers.c ****  */
 240:../src/interrupt_handlers.c **** void INT_BRK_I (void) { }
 968                             		.loc 1 240 0
 969                             		; start of function
 970                             		; push 8: ax bc de hl
 971 01d4 61 CF                   		sel	rb0
 972 01d6 C1                      		push	ax
 973                             	.LCFI156:
 974 01d7 C3                      		push	bc
 975                             	.LCFI157:
 976 01d8 C5                      		push	de
 977                             	.LCFI158:
 978 01d9 C7                      		push	hl
 979                             	.LCFI159:
 980                             		.loc 1 240 0
 981 01da C6                      		pop	hl
 982 01db C4                      		pop	de
 983 01dc C2                      		pop	bc
 984 01dd C0                      		pop	ax
 985 01de 61 FC                   		reti
 986                             	.LFE39:
 1966                             	.Letext0:
