
Allocating common symbols
Common symbol       size              file

test_semaphore      0x1               ./src/main.o
ulwos_task_stack    0x800             ./src/ulwos.o
lcd_semaphore       0x1               ./src/main.o

Memory Configuration

Name             Origin             Length             Attributes
VEC              0x00000000         0x00000004
IVEC             0x00000004         0x000000bc
OPT              0x000000c0         0x00000004
SEC_ID           0x000000c4         0x0000000a
OCDSTAD          0x000000ce         0x0000000a
OCDROM           0x0000fe00         0x00000200
ROM              0x000000d8         0x0000fd28
MIRROR           0x000f2000         0x0000ceff
RAM              0x000fef00         0x00000fff
*default*        0x00000000         0xffffffff

Linker script and memory map


.vec            0x00000000        0x4
 *(.vec)
 .vec           0x00000000        0x4 ./src/vector_table.o
                0x00000000                HardwareVectors

.vects          0x00000004       0x7c
 *(.vects)
 .vects         0x00000004       0x7c ./src/vector_table.o
                0x00000004                Vectors

.option_bytes   0x000000c0        0x4
 *(.option_bytes)
 .option_bytes  0x000000c0        0x4 ./src/vector_table.o
                0x000000c0                Option_Bytes

.security_id    0x000000c4        0xa
 *(.security_id)
 .security_id   0x000000c4        0xa ./src/vector_table.o
                0x000000c4                Security_Id

.lowtext        0x000000d8        0x0
 *(.plt)
 .plt           0x000000d8        0x0 ./src/main.o
 *(.lowtext)
                0x000000d8                . = ALIGN (0x2)

.tors           0x000000d8        0x0
                0x000000d8                __CTOR_LIST__ = .
                0x000000d8                . = ALIGN (0x2)
                0x000000d8                ___ctors = .
 *(.ctors)
                0x000000d8                ___ctors_end = .
                0x000000d8                __CTOR_END__ = .
                0x000000d8                __DTOR_LIST__ = .
                0x000000d8                ___dtors = .
 *(.dtors)
                0x000000d8                ___dtors_end = .
                0x000000d8                __DTOR_END__ = .
                0x000000d8                _mdata = .

.text           0x000000d8      0xc00
 *(.text)
 .text          0x000000d8        0x1 ./src/hardware_setup.o
                0x000000d8                HardwareSetup
 .text          0x000000d9      0x1e0 ./src/interrupt_handlers.o
                0x000000d9                INT_WDTI
                0x000000e5                INT_LVI
                0x000000f1                INT_P0
                0x000000fd                INT_P1
                0x00000109                INT_P2
                0x00000115                INT_P3
                0x00000121                INT_P4
                0x0000012d                INT_P5
                0x00000139                INT_ST2
                0x00000145                INT_SR2
                0x00000151                INT_SRE2
                0x0000015d                INT_DMA0
                0x00000169                INT_DMA1
                0x00000175                INT_ST0
                0x00000181                INT_SR0
                0x0000018d                INT_TM01H
                0x00000199                INT_ST1
                0x000001a5                INT_SR1
                0x000001b1                INT_TM03H
                0x000001bd                INT_IICA0
                0x000001c9                INT_TM00
                0x000001d5                INT_TM01
                0x000001e1                INT_TM02
                0x000001ed                INT_TM03
                0x000001f9                INT_AD
                0x00000205                INT_RTC
                0x00000211                INT_KR
                0x0000021d                INT_TM04
                0x00000229                INT_TM05
                0x00000235                INT_TM06
                0x00000241                INT_TM07
                0x0000024d                INT_P6
                0x00000259                INT_P7
                0x00000265                INT_P8
                0x00000271                INT_P9
                0x0000027d                INT_P10
                0x00000289                INT_P11
                0x00000295                INT_MD
                0x000002a1                INT_FL
                0x000002ad                INT_BRK_I
 .text          0x000002b9      0x4c2 ./src/lcd_8x2.o
                0x000002b9                LCD_delay_ms
                0x000002e0                LCD_send4
                0x0000036c                LCD_send8
                0x000003b7                LCD_init
                0x0000047e                LCD_pos_xy
                0x00000497                LCD_write_char
                0x000004fe                LCD_write_string
                0x00000534                LCD_print_frac_int
                0x00000685                LCD_print_char
 .text          0x0000077b      0x1db ./src/main.o
                0x0000077b                task1
                0x0000079f                task2
                0x00000891                task3
                0x000008e1                task4
 .text          0x00000956       0x60 ./src/reset_program.o
                0x00000958                PowerON_Reset
 .text          0x000009b6      0x2e2 ./src/ulwos.o
                0x000009b6                ulwos_idle_task
                0x000009c1                save_context
                0x000009f2                restore_context
                0x00000a22                ulwos_create_task
                0x00000a8e                ulwos_start
                0x00000ac0                ulwos_run_idle_task
                0x00000ad7                ulwos_delayms
                0x00000b05                ulwos_semaphore_init
                0x00000b16                ulwos_semaphore_acquire
                0x00000b3c                ulwos_semaphore_release
                0x00000b4d                INT_IT
 .text          0x00000c98        0x0 ./src/vector_table.o
 *(.text.*)
 .text.startup  0x00000c98       0x40 ./src/main.o
                0x00000c98                main
                0x00000cd8                etext = .
                0x00000cd8                . = ALIGN (0x2)
                0x00000000                PROVIDE (__rl78_abs__, 0x0)

.init
 *(.init)

.fini
 *(.fini)

.got
 *(.got)
 *(.got.plt)

.rodata         0x00002000        0xb
                0x00002000                . = ALIGN (0x2)
 *(.rodata)
 .rodata        0x00002000        0xb ./src/main.o
 *(.rodata.*)
                0x0000200b                _erodata = .

.frodata

.eh_frame_hdr
 *(.eh_frame_hdr)

.eh_frame
 *(.eh_frame)

.jcr            0x0000200b        0x1
 *(.jcr)
                0x0000200c                . = ALIGN (0x2)
 *fill*         0x0000200b        0x1 

.data           0x000fef00        0x0 load address 0x000000d8
                0x000fef00                . = ALIGN (0x2)
                0x000fef00                _data = .
 *(.data)
 .data          0x000fef00        0x0 ./src/hardware_setup.o
 .data          0x000fef00        0x0 ./src/interrupt_handlers.o
 .data          0x000fef00        0x0 ./src/lcd_8x2.o
 .data          0x000fef00        0x0 ./src/main.o
 .data          0x000fef00        0x0 ./src/reset_program.o
 .data          0x000fef00        0x0 ./src/ulwos.o
 .data          0x000fef00        0x0 ./src/vector_table.o
 *(.data.*)
                0x000fef00                . = ALIGN (0x2)
                0x000fef00                _edata = .
                0x00000000                PROVIDE (__romdatacopysize, SIZEOF (.data))

.bss            0x000fef00      0x902 load address 0x000000d8
                0x000fef00                . = ALIGN (0x2)
                0x000fef00                _bss = .
 *(.bss)
 .bss           0x000fef00        0x0 ./src/hardware_setup.o
 .bss           0x000fef00        0x0 ./src/interrupt_handlers.o
 .bss           0x000fef00        0x0 ./src/lcd_8x2.o
 .bss           0x000fef00        0x1 ./src/main.o
                0x000fef00                ready
 .bss           0x000fef01        0x0 ./src/reset_program.o
 *fill*         0x000fef01        0x1 
 .bss           0x000fef02       0xfe ./src/ulwos.o
 .bss           0x000ff000        0x0 ./src/vector_table.o
 *(.bss.**)
                0x000ff000                . = ALIGN (0x2)
 *(COMMON)
 COMMON         0x000ff000        0x2 ./src/main.o
                0x000ff000                test_semaphore
                0x000ff001                lcd_semaphore
 COMMON         0x000ff002      0x800 ./src/ulwos.o
                0x000ff002                ulwos_task_stack
                0x000ff802                . = ALIGN (0x2)
                0x000ff802                _ebss = .
                0x000ff802                _end = .
                0x00000064                PROVIDE (stack_size, 0x64)

.stack          0x000ffedc        0x0
                0x000ffedc                _stack = .
                0x00000001                ASSERT ((_stack > (_end + stack_size)), Error: Too much data - no room left for the stack)
LOAD ./src/hardware_setup.o
LOAD ./src/interrupt_handlers.o
LOAD ./src/lcd_8x2.o
LOAD ./src/main.o
LOAD ./src/reset_program.o
LOAD ./src/ulwos.o
LOAD ./src/vector_table.o
LOAD libULWOS2_LCD.a
START GROUP
LOAD C:\Users\Fabio\e2_studio\workspace\ULWOS2_LCD\Debug\libULWOS2_LCD.a
LOAD C:\PROGRA~2\KPIT\GNURL7~1.02-\rl78-elf/lib/gcc/rl78-elf/4.9-GNURL78_v15.02/g13\libgcc.a
LOAD C:\PROGRA~2\KPIT\GNURL7~1.02-\rl78-elf/rl78-elf/lib/g13\libsim.a
END GROUP
OUTPUT(ULWOS2_LCD.x elf32-rl78)

.debug_frame    0x00000000      0x98c
 .debug_frame   0x00000000       0x24 ./src/hardware_setup.o
 .debug_frame   0x00000024      0x6f4 ./src/interrupt_handlers.o
 .debug_frame   0x00000718      0x11c ./src/lcd_8x2.o
 .debug_frame   0x00000834       0x8c ./src/main.o
 .debug_frame   0x000008c0       0xcc ./src/ulwos.o

.debug_info     0x00000000     0x1741
 .debug_info    0x00000000       0x37 ./src/hardware_setup.o
 .debug_info    0x00000037      0x2ce ./src/interrupt_handlers.o
 .debug_info    0x00000305      0x644 ./src/lcd_8x2.o
 .debug_info    0x00000949      0x87f ./src/main.o
 .debug_info    0x000011c8       0x76 ./src/reset_program.o
 .debug_info    0x0000123e      0x442 ./src/ulwos.o
 .debug_info    0x00001680       0xc1 ./src/vector_table.o

.debug_abbrev   0x00000000      0x5b7
 .debug_abbrev  0x00000000       0x2c ./src/hardware_setup.o
 .debug_abbrev  0x0000002c       0x2c ./src/interrupt_handlers.o
 .debug_abbrev  0x00000058      0x1bb ./src/lcd_8x2.o
 .debug_abbrev  0x00000213      0x15f ./src/main.o
 .debug_abbrev  0x00000372       0x14 ./src/reset_program.o
 .debug_abbrev  0x00000386      0x1de ./src/ulwos.o
 .debug_abbrev  0x00000564       0x53 ./src/vector_table.o

.debug_aranges  0x00000000       0xe0
 .debug_aranges
                0x00000000       0x20 ./src/hardware_setup.o
 .debug_aranges
                0x00000020       0x20 ./src/interrupt_handlers.o
 .debug_aranges
                0x00000040       0x20 ./src/lcd_8x2.o
 .debug_aranges
                0x00000060       0x28 ./src/main.o
 .debug_aranges
                0x00000088       0x20 ./src/reset_program.o
 .debug_aranges
                0x000000a8       0x20 ./src/ulwos.o
 .debug_aranges
                0x000000c8       0x18 ./src/vector_table.o

.debug_line     0x00000000      0xce3
 .debug_line    0x00000000       0x4e ./src/hardware_setup.o
 .debug_line    0x0000004e      0x226 ./src/interrupt_handlers.o
 .debug_line    0x00000274      0x374 ./src/lcd_8x2.o
 .debug_line    0x000005e8      0x24d ./src/main.o
 .debug_line    0x00000835      0x15d ./src/reset_program.o
 .debug_line    0x00000992      0x31b ./src/ulwos.o
 .debug_line    0x00000cad       0x36 ./src/vector_table.o

.debug_str      0x00000000      0x644
 .debug_str     0x00000000      0x11d ./src/hardware_setup.o
 .debug_str     0x0000011d      0x162 ./src/interrupt_handlers.o
                                0x259 (size before relaxing)
 .debug_str     0x0000027f       0xe5 ./src/lcd_8x2.o
                                0x1ee (size before relaxing)
 .debug_str     0x00000364      0x106 ./src/main.o
                                0x27f (size before relaxing)
 .debug_str     0x0000046a      0x19b ./src/ulwos.o
                                0x385 (size before relaxing)
 .debug_str     0x00000605       0x3f ./src/vector_table.o
                                0x155 (size before relaxing)

.comment        0x00000000       0x94
 .comment       0x00000000       0x94 ./src/hardware_setup.o
                                 0x95 (size before relaxing)
 .comment       0x00000000       0x95 ./src/interrupt_handlers.o
 .comment       0x00000000       0x95 ./src/lcd_8x2.o
 .comment       0x00000000       0x95 ./src/main.o
 .comment       0x00000000       0x95 ./src/ulwos.o
 .comment       0x00000000       0x95 ./src/vector_table.o

.debug_loc      0x00000000      0x742
 .debug_loc     0x00000000      0x6a7 ./src/lcd_8x2.o
 .debug_loc     0x000006a7       0x9b ./src/ulwos.o

.debug_ranges   0x00000000       0x48
 .debug_ranges  0x00000000       0x30 ./src/lcd_8x2.o
 .debug_ranges  0x00000030       0x18 ./src/main.o
